// Jest Snapshot v1, https://goo.gl/fbAQLP

exports[`<LaunchCard /> should render as expected 1`] = `
<View
  accessible={true}
  focusable={true}
  onClick={[Function]}
  onResponderGrant={[Function]}
  onResponderMove={[Function]}
  onResponderRelease={[Function]}
  onResponderTerminate={[Function]}
  onResponderTerminationRequest={[Function]}
  onStartShouldSetResponder={[Function]}
  style={
    Object {
      "opacity": 1,
    }
  }
>
  <Text>
    mission name
  </Text>
  <Text>
    01/01/1998
  </Text>
  <Image
    source={
      Object {
        "uri": "http://placeimg.com/640/480",
      }
    }
    style={
      Object {
        "height": 100,
        "width": 200,
      }
    }
  />
</View>
`;
