// Jest Snapshot v1, https://goo.gl/fbAQLP

exports[`<LaunchImages /> should render as expected 1`] = `
<RCTScrollView
  data={
    Array [
      "http://placeimg.com/640/480",
    ]
  }
  disableVirtualization={false}
  getItem={[Function]}
  getItemCount={[Function]}
  horizontal={true}
  initialNumToRender={10}
  keyExtractor={[Function]}
  maxToRenderPerBatch={10}
  onContentSizeChange={[Function]}
  onEndReachedThreshold={2}
  onLayout={[Function]}
  onMomentumScrollEnd={[Function]}
  onScroll={[Function]}
  onScrollBeginDrag={[Function]}
  onScrollEndDrag={[Function]}
  removeClippedSubviews={false}
  renderItem={[Function]}
  scrollEventThrottle={50}
  stickyHeaderIndices={Array []}
  updateCellsBatchingPeriod={50}
  viewabilityConfigCallbackPairs={Array []}
  windowSize={21}
>
  <View>
    <View
      onLayout={[Function]}
      style={
        Array [
          Object {
            "flexDirection": "row",
          },
          null,
        ]
      }
    >
      <View
        accessibilityLabel="Toggle favorite"
        accessible={true}
        focusable={true}
        onClick={[Function]}
        onResponderGrant={[Function]}
        onResponderMove={[Function]}
        onResponderRelease={[Function]}
        onResponderTerminate={[Function]}
        onResponderTerminationRequest={[Function]}
        onStartShouldSetResponder={[Function]}
        style={
          Object {
            "opacity": 1,
          }
        }
      >
        <Image
          accessibilityRole="image"
          source={
            Object {
              "uri": "http://placeimg.com/640/480",
            }
          }
          style={
            Object {
              "height": 100,
              "width": 200,
            }
          }
        />
      </View>
    </View>
  </View>
</RCTScrollView>
`;
