// Jest Snapshot v1, https://goo.gl/fbAQLP

exports[`<Label /> should render as expected 1`] = `
<Text
  style={
    Array [
      Object {
        "color": "#B61827",
        "fontSize": 16,
        "fontWeight": "bold",
        "textTransform": "uppercase",
      },
      undefined,
    ]
  }
>
  Some label
</Text>
`;
